// Jest Snapshot v1, https://goo.gl/fbAQLP

exports[`hero snapshot light and dark 1`] = `
<DocumentFragment>
  <section
    class="relative bg-surface text-ink px-6 py-20 overflow-hidden motion-safe:animate-fade-in"
    id="product"
  >
    <video
      aria-hidden="true"
      autoplay=""
      class="hero-video absolute inset-0 w-full h-full object-cover -z-20 hidden md:block"
      loop=""
      playsinline=""
      poster="https://cdn.example.com/hero-poster.jpg"
      preload="none"
      src="https://cdn.example.com/hero-bg.mp4"
    />
    <img
      alt=""
      aria-hidden="true"
      class="hero-poster absolute inset-0 w-full h-full object-cover -z-20 md:hidden"
      height="675"
      src="https://cdn.example.com/hero-poster.jpg"
      width="1200"
    />
    <div
      aria-hidden="true"
      class="absolute inset-0 bg-black/35 -z-10"
    />
    <div
      class="container mx-auto grid md:grid-cols-2 gap-8 items-center"
    >
      <div
        class="space-y-6 text-center md:text-left"
      >
        <div
          class="text-5xl md:text-6xl font-bold"
        >
          <h1
            class="sr-only"
          >
            AI-native claims data extractor
          </h1>
          <div
            aria-hidden="true"
          >
            <span
              class="typewriter "
            />
          </div>
        </div>
        <p
          class="text-xl text-muted max-w-xl mx-auto md:mx-0"
        >
          <span
            class="sr-only"
          >
            Extract, validate, and audit medical claims faster.
          </span>
          <span
            aria-hidden="true"
            class="block"
          >
            <span
              class="typewriter "
            />
          </span>
        </p>
        <div
          class="flex flex-col sm:flex-row gap-4 justify-center md:justify-start"
        >
          <button
            class="inline-flex items-center justify-center whitespace-nowrap text-sm font-medium transition-colors duration-fast focus:outline-none focus:ring-focus focus:ring-offset-2 disabled:pointer-events-none disabled:opacity-50 bg-accent text-white hover:bg-accent-hover h-11 px-8 rounded-md"
            id="hero-cta"
          >
            Schedule a demo
          </button>
          <a
            class="self-center text-muted hover:text-ink underline"
            href="#how-it-works"
          >
            See how it works
          </a>
        </div>
        <p
          class="text-sm text-muted"
        >
          Already have an account? 
          <a
            class="underline hover:text-ink focus-visible:outline-none focus-visible:ring-2 focus-visible:ring-offset-2 focus-visible:ring-cta"
            href="/login?next=%2F"
          >
            Log in
          </a>
        </p>
      </div>
      <svg
        aria-label="ClarifyOps claims dashboard screenshot"
        class="w-full rounded-lg shadow-lg"
        role="img"
        viewBox="0 0 600 400"
      >
        <rect
          fill="#ffffff"
          height="400"
          rx="8"
          width="600"
        />
        <rect
          fill="#E5E7EB"
          height="24"
          rx="4"
          width="160"
          x="32"
          y="32"
        />
        <rect
          fill="#F3F4F6"
          height="120"
          rx="4"
          width="536"
          x="32"
          y="80"
        />
        <rect
          fill="#F3F4F6"
          height="144"
          rx="4"
          width="256"
          x="32"
          y="224"
        />
        <rect
          fill="#F3F4F6"
          height="144"
          rx="4"
          width="256"
          x="312"
          y="224"
        />
      </svg>
    </div>
  </section>
</DocumentFragment>
`;

exports[`hero snapshot light and dark 2`] = `
<DocumentFragment>
  <section
    class="relative bg-surface text-ink px-6 py-20 overflow-hidden motion-safe:animate-fade-in"
    id="product"
  >
    <video
      aria-hidden="true"
      autoplay=""
      class="hero-video absolute inset-0 w-full h-full object-cover -z-20 hidden md:block"
      loop=""
      playsinline=""
      poster="https://cdn.example.com/hero-poster.jpg"
      preload="none"
      src="https://cdn.example.com/hero-bg.mp4"
    />
    <img
      alt=""
      aria-hidden="true"
      class="hero-poster absolute inset-0 w-full h-full object-cover -z-20 md:hidden"
      height="675"
      src="https://cdn.example.com/hero-poster.jpg"
      width="1200"
    />
    <div
      aria-hidden="true"
      class="absolute inset-0 bg-black/35 -z-10"
    />
    <div
      class="container mx-auto grid md:grid-cols-2 gap-8 items-center"
    >
      <div
        class="space-y-6 text-center md:text-left"
      >
        <div
          class="text-5xl md:text-6xl font-bold"
        >
          <h1
            class="sr-only"
          >
            AI-native claims data extractor
          </h1>
          <div
            aria-hidden="true"
          >
            <span
              class="typewriter "
            />
          </div>
        </div>
        <p
          class="text-xl text-muted max-w-xl mx-auto md:mx-0"
        >
          <span
            class="sr-only"
          >
            Extract, validate, and audit medical claims faster.
          </span>
          <span
            aria-hidden="true"
            class="block"
          >
            <span
              class="typewriter "
            />
          </span>
        </p>
        <div
          class="flex flex-col sm:flex-row gap-4 justify-center md:justify-start"
        >
          <button
            class="inline-flex items-center justify-center whitespace-nowrap text-sm font-medium transition-colors duration-fast focus:outline-none focus:ring-focus focus:ring-offset-2 disabled:pointer-events-none disabled:opacity-50 bg-accent text-white hover:bg-accent-hover h-11 px-8 rounded-md"
            id="hero-cta"
          >
            Schedule a demo
          </button>
          <a
            class="self-center text-muted hover:text-ink underline"
            href="#how-it-works"
          >
            See how it works
          </a>
        </div>
        <p
          class="text-sm text-muted"
        >
          Already have an account? 
          <a
            class="underline hover:text-ink focus-visible:outline-none focus-visible:ring-2 focus-visible:ring-offset-2 focus-visible:ring-cta"
            href="/login?next=%2F"
          >
            Log in
          </a>
        </p>
      </div>
      <svg
        aria-label="ClarifyOps claims dashboard screenshot"
        class="w-full rounded-lg shadow-lg"
        role="img"
        viewBox="0 0 600 400"
      >
        <rect
          fill="#ffffff"
          height="400"
          rx="8"
          width="600"
        />
        <rect
          fill="#E5E7EB"
          height="24"
          rx="4"
          width="160"
          x="32"
          y="32"
        />
        <rect
          fill="#F3F4F6"
          height="120"
          rx="4"
          width="536"
          x="32"
          y="80"
        />
        <rect
          fill="#F3F4F6"
          height="144"
          rx="4"
          width="256"
          x="32"
          y="224"
        />
        <rect
          fill="#F3F4F6"
          height="144"
          rx="4"
          width="256"
          x="312"
          y="224"
        />
      </svg>
    </div>
  </section>
</DocumentFragment>
`;

exports[`navbar snapshot light and dark 1`] = `
<DocumentFragment>
  <header
    class="sticky top-0 z-30 h-12 bg-indigo-700/60 dark:bg-indigo-900/60 backdrop-blur text-white shadow flex items-center justify-between px-4"
  >
    <div
      class="text-lg font-semibold flex items-center space-x-2"
    >
      <img
        alt="ClarifyOps logo"
        class="h-7 w-auto"
        src="/logo.svg"
      />
      <span>
        ClarifyOps
      </span>
      <span
        class="opacity-70"
      >
        / Test
      </span>
    </div>
    <div
      class="flex items-center gap-2"
    >
      <select
        class="input px-1 text-sm"
      >
        <option
          value="en"
        >
          EN
        </option>
        <option
          value="es"
        >
          ES
        </option>
        <option
          value="fr"
        >
          FR
        </option>
      </select>
      <button
        aria-label="Toggle high contrast mode"
        class="focus:outline-none focus-visible:ring-2 focus-visible:ring-indigo-500 rounded"
        title="Enable high contrast"
      >
        <svg
          aria-hidden="true"
          class="h-6 w-6"
          data-slot="icon"
          fill="none"
          stroke="currentColor"
          stroke-width="1.5"
          viewBox="0 0 24 24"
          xmlns="http://www.w3.org/2000/svg"
        >
          <path
            d="m15 11.25 1.5 1.5.75-.75V8.758l2.276-.61a3 3 0 1 0-3.675-3.675l-.61 2.277H12l-.75.75 1.5 1.5M15 11.25l-8.47 8.47c-.34.34-.8.53-1.28.53s-.94.19-1.28.53l-.97.97-.75-.75.97-.97c.34-.34.53-.8.53-1.28s.19-.94.53-1.28L12.75 9M15 11.25 12.75 9"
            stroke-linecap="round"
            stroke-linejoin="round"
          />
        </svg>
      </button>
      <button
        aria-label="Toggle dark mode"
        class="p-2 ml-1 rounded focus:outline-none focus-visible:ring-2 focus-visible:ring-indigo-500 transition-colors"
        title="Switch to dark mode"
      >
        <svg
          aria-hidden="true"
          class="h-6 w-6 text-indigo-200 transform transition-transform duration-300"
          data-slot="icon"
          fill="none"
          stroke="currentColor"
          stroke-width="1.5"
          viewBox="0 0 24 24"
          xmlns="http://www.w3.org/2000/svg"
        >
          <path
            d="M21.752 15.002A9.72 9.72 0 0 1 18 15.75c-5.385 0-9.75-4.365-9.75-9.75 0-1.33.266-2.597.748-3.752A9.753 9.753 0 0 0 3 11.25C3 16.635 7.365 21 12.75 21a9.753 9.753 0 0 0 9.002-5.998Z"
            stroke-linecap="round"
            stroke-linejoin="round"
          />
        </svg>
      </button>
      <a
        class="underline"
        href="/"
      >
        Back to App
      </a>
    </div>
  </header>
</DocumentFragment>
`;

exports[`navbar snapshot light and dark 2`] = `
<DocumentFragment>
  <header
    class="sticky top-0 z-30 h-12 bg-indigo-700/60 dark:bg-indigo-900/60 backdrop-blur text-white shadow flex items-center justify-between px-4"
  >
    <div
      class="text-lg font-semibold flex items-center space-x-2"
    >
      <img
        alt="ClarifyOps logo"
        class="h-7 w-auto"
        src="/logo.svg"
      />
      <span>
        ClarifyOps
      </span>
      <span
        class="opacity-70"
      >
        / Test
      </span>
    </div>
    <div
      class="flex items-center gap-2"
    >
      <select
        class="input px-1 text-sm"
      >
        <option
          value="en"
        >
          EN
        </option>
        <option
          value="es"
        >
          ES
        </option>
        <option
          value="fr"
        >
          FR
        </option>
      </select>
      <button
        aria-label="Toggle high contrast mode"
        class="focus:outline-none focus-visible:ring-2 focus-visible:ring-indigo-500 rounded"
        title="Enable high contrast"
      >
        <svg
          aria-hidden="true"
          class="h-6 w-6"
          data-slot="icon"
          fill="none"
          stroke="currentColor"
          stroke-width="1.5"
          viewBox="0 0 24 24"
          xmlns="http://www.w3.org/2000/svg"
        >
          <path
            d="m15 11.25 1.5 1.5.75-.75V8.758l2.276-.61a3 3 0 1 0-3.675-3.675l-.61 2.277H12l-.75.75 1.5 1.5M15 11.25l-8.47 8.47c-.34.34-.8.53-1.28.53s-.94.19-1.28.53l-.97.97-.75-.75.97-.97c.34-.34.53-.8.53-1.28s.19-.94.53-1.28L12.75 9M15 11.25 12.75 9"
            stroke-linecap="round"
            stroke-linejoin="round"
          />
        </svg>
      </button>
      <button
        aria-label="Toggle dark mode"
        class="p-2 ml-1 rounded focus:outline-none focus-visible:ring-2 focus-visible:ring-indigo-500 transition-colors"
        title="Switch to dark mode"
      >
        <svg
          aria-hidden="true"
          class="h-6 w-6 text-indigo-200 transform transition-transform duration-300"
          data-slot="icon"
          fill="none"
          stroke="currentColor"
          stroke-width="1.5"
          viewBox="0 0 24 24"
          xmlns="http://www.w3.org/2000/svg"
        >
          <path
            d="M21.752 15.002A9.72 9.72 0 0 1 18 15.75c-5.385 0-9.75-4.365-9.75-9.75 0-1.33.266-2.597.748-3.752A9.753 9.753 0 0 0 3 11.25C3 16.635 7.365 21 12.75 21a9.753 9.753 0 0 0 9.002-5.998Z"
            stroke-linecap="round"
            stroke-linejoin="round"
          />
        </svg>
      </button>
      <a
        class="underline"
        href="/"
      >
        Back to App
      </a>
    </div>
  </header>
</DocumentFragment>
`;
