// Jest Snapshot v1, https://goo.gl/fbAQLP

exports[`hero snapshot light and dark 1`] = `
<DocumentFragment>
  <section
    class="bg-surface text-ink px-6 py-20 motion-safe:animate-fade-in"
    id="product"
  >
    <div
      class="container mx-auto grid md:grid-cols-2 gap-8 items-center"
    >
      <div
        class="space-y-6 text-center md:text-left"
      >
        <h1
          class="text-5xl md:text-6xl font-bold"
        >
          AI-native claims data extractor for payers & TPAs.
        </h1>
        <p
          class="text-xl text-muted max-w-xl mx-auto md:mx-0"
        >
          Extract, validate, and route medical claims with audit-ready accuracy. Faster reviews, fewer denials.
        </p>
        <div
          class="flex flex-col sm:flex-row gap-4 justify-center md:justify-start"
        >
          <button
            class="inline-flex items-center justify-center whitespace-nowrap rounded-full text-sm font-medium transition-colors duration-fast focus:outline-none focus:ring-focus focus:ring-offset-2 disabled:pointer-events-none disabled:opacity-50 bg-accent text-white hover:bg-accent-hover h-10 px-8 py-3"
            id="hero-cta"
          >
            Schedule a demo
          </button>
          <a
            class="self-center text-muted hover:text-ink underline"
            href="#how-it-works"
          >
            See how it works
          </a>
        </div>
      </div>
      <img
        alt="Screenshot of ClarifyOps claims dashboard"
        class="w-full rounded-lg shadow-lg"
        height="400"
        loading="lazy"
        src="https://placehold.co/600x400/webp?text=App+Dashboard"
        width="600"
      />
    </div>
  </section>
</DocumentFragment>
`;

exports[`hero snapshot light and dark 2`] = `
<DocumentFragment>
  <section
    class="bg-surface text-ink px-6 py-20 motion-safe:animate-fade-in"
    id="product"
  >
    <div
      class="container mx-auto grid md:grid-cols-2 gap-8 items-center"
    >
      <div
        class="space-y-6 text-center md:text-left"
      >
        <h1
          class="text-5xl md:text-6xl font-bold"
        >
          AI-native claims data extractor for payers & TPAs.
        </h1>
        <p
          class="text-xl text-muted max-w-xl mx-auto md:mx-0"
        >
          Extract, validate, and route medical claims with audit-ready accuracy. Faster reviews, fewer denials.
        </p>
        <div
          class="flex flex-col sm:flex-row gap-4 justify-center md:justify-start"
        >
          <button
            class="inline-flex items-center justify-center whitespace-nowrap rounded-full text-sm font-medium transition-colors duration-fast focus:outline-none focus:ring-focus focus:ring-offset-2 disabled:pointer-events-none disabled:opacity-50 bg-accent text-white hover:bg-accent-hover h-10 px-8 py-3"
            id="hero-cta"
          >
            Schedule a demo
          </button>
          <a
            class="self-center text-muted hover:text-ink underline"
            href="#how-it-works"
          >
            See how it works
          </a>
        </div>
      </div>
      <img
        alt="Screenshot of ClarifyOps claims dashboard"
        class="w-full rounded-lg shadow-lg"
        height="400"
        loading="lazy"
        src="https://placehold.co/600x400/webp?text=App+Dashboard"
        width="600"
      />
    </div>
  </section>
</DocumentFragment>
`;

exports[`navbar snapshot light and dark 1`] = `
<DocumentFragment>
  <header
    class="sticky top-0 z-30 h-12 bg-indigo-700/60 dark:bg-indigo-900/60 backdrop-blur text-white shadow flex items-center justify-between px-4"
  >
    <div
      class="text-lg font-semibold flex items-center space-x-2"
    >
      <img
        alt="ClarifyOps logo"
        class="h-7 w-auto"
        src="/logo.svg"
      />
      <span>
        ClarifyOps
      </span>
      <span
        class="opacity-70"
      >
        / Test
      </span>
    </div>
    <div
      class="flex items-center gap-2"
    >
      <select
        class="input px-1 text-sm"
      >
        <option
          value="en"
        >
          EN
        </option>
        <option
          value="es"
        >
          ES
        </option>
        <option
          value="fr"
        >
          FR
        </option>
      </select>
      <button
        aria-label="Toggle high contrast mode"
        class="focus:outline-none focus-visible:ring-2 focus-visible:ring-indigo-500 rounded"
        title="Enable high contrast"
      >
        <svg
          aria-hidden="true"
          class="h-6 w-6"
          data-slot="icon"
          fill="none"
          stroke="currentColor"
          stroke-width="1.5"
          viewBox="0 0 24 24"
          xmlns="http://www.w3.org/2000/svg"
        >
          <path
            d="m15 11.25 1.5 1.5.75-.75V8.758l2.276-.61a3 3 0 1 0-3.675-3.675l-.61 2.277H12l-.75.75 1.5 1.5M15 11.25l-8.47 8.47c-.34.34-.8.53-1.28.53s-.94.19-1.28.53l-.97.97-.75-.75.97-.97c.34-.34.53-.8.53-1.28s.19-.94.53-1.28L12.75 9M15 11.25 12.75 9"
            stroke-linecap="round"
            stroke-linejoin="round"
          />
        </svg>
      </button>
      <button
        aria-label="Toggle dark mode"
        class="p-2 ml-1 rounded focus:outline-none focus-visible:ring-2 focus-visible:ring-indigo-500 transition-colors"
        title="Switch to dark mode"
      >
        <svg
          aria-hidden="true"
          class="h-6 w-6 text-indigo-200 transform transition-transform duration-300"
          data-slot="icon"
          fill="none"
          stroke="currentColor"
          stroke-width="1.5"
          viewBox="0 0 24 24"
          xmlns="http://www.w3.org/2000/svg"
        >
          <path
            d="M21.752 15.002A9.72 9.72 0 0 1 18 15.75c-5.385 0-9.75-4.365-9.75-9.75 0-1.33.266-2.597.748-3.752A9.753 9.753 0 0 0 3 11.25C3 16.635 7.365 21 12.75 21a9.753 9.753 0 0 0 9.002-5.998Z"
            stroke-linecap="round"
            stroke-linejoin="round"
          />
        </svg>
      </button>
      <a
        class="underline"
        href="/"
      >
        Back to App
      </a>
    </div>
  </header>
</DocumentFragment>
`;

exports[`navbar snapshot light and dark 2`] = `
<DocumentFragment>
  <header
    class="sticky top-0 z-30 h-12 bg-indigo-700/60 dark:bg-indigo-900/60 backdrop-blur text-white shadow flex items-center justify-between px-4"
  >
    <div
      class="text-lg font-semibold flex items-center space-x-2"
    >
      <img
        alt="ClarifyOps logo"
        class="h-7 w-auto"
        src="/logo.svg"
      />
      <span>
        ClarifyOps
      </span>
      <span
        class="opacity-70"
      >
        / Test
      </span>
    </div>
    <div
      class="flex items-center gap-2"
    >
      <select
        class="input px-1 text-sm"
      >
        <option
          value="en"
        >
          EN
        </option>
        <option
          value="es"
        >
          ES
        </option>
        <option
          value="fr"
        >
          FR
        </option>
      </select>
      <button
        aria-label="Toggle high contrast mode"
        class="focus:outline-none focus-visible:ring-2 focus-visible:ring-indigo-500 rounded"
        title="Enable high contrast"
      >
        <svg
          aria-hidden="true"
          class="h-6 w-6"
          data-slot="icon"
          fill="none"
          stroke="currentColor"
          stroke-width="1.5"
          viewBox="0 0 24 24"
          xmlns="http://www.w3.org/2000/svg"
        >
          <path
            d="m15 11.25 1.5 1.5.75-.75V8.758l2.276-.61a3 3 0 1 0-3.675-3.675l-.61 2.277H12l-.75.75 1.5 1.5M15 11.25l-8.47 8.47c-.34.34-.8.53-1.28.53s-.94.19-1.28.53l-.97.97-.75-.75.97-.97c.34-.34.53-.8.53-1.28s.19-.94.53-1.28L12.75 9M15 11.25 12.75 9"
            stroke-linecap="round"
            stroke-linejoin="round"
          />
        </svg>
      </button>
      <button
        aria-label="Toggle dark mode"
        class="p-2 ml-1 rounded focus:outline-none focus-visible:ring-2 focus-visible:ring-indigo-500 transition-colors"
        title="Switch to dark mode"
      >
        <svg
          aria-hidden="true"
          class="h-6 w-6 text-indigo-200 transform transition-transform duration-300"
          data-slot="icon"
          fill="none"
          stroke="currentColor"
          stroke-width="1.5"
          viewBox="0 0 24 24"
          xmlns="http://www.w3.org/2000/svg"
        >
          <path
            d="M21.752 15.002A9.72 9.72 0 0 1 18 15.75c-5.385 0-9.75-4.365-9.75-9.75 0-1.33.266-2.597.748-3.752A9.753 9.753 0 0 0 3 11.25C3 16.635 7.365 21 12.75 21a9.753 9.753 0 0 0 9.002-5.998Z"
            stroke-linecap="round"
            stroke-linejoin="round"
          />
        </svg>
      </button>
      <a
        class="underline"
        href="/"
      >
        Back to App
      </a>
    </div>
  </header>
</DocumentFragment>
`;
